// Vitest Snapshot v1, https://vitest.dev/guide/snapshot.html

exports[`menu > Rendering > should render correctly 1`] = `
<DocumentFragment>
  <div
    class="sc-beySPh geyGaj"
  >
    <div
      class="sc-guDLey ituzVw"
    >
      <h2>
        Start a new game
      </h2>
      <fieldset>
        <legend>
          Configure how you want to play
        </legend>
        <form>
          <label
            for="category-select"
          >
            Category:
          </label>
          <select
            id="category-select"
            name="categories"
            required=""
          >
            <option
              value=""
            >
              --Please choose an category--
            </option>
            <option
              value="activity_sports"
            >
              Activity and Sports ⚽️🤸‍♂️
            </option>
            <option
              value="animals_nature"
            >
              Animals & Nature 🐶 🐱
            </option>
            <option
              value="clothing_accessories"
            >
              Clothing and Accessories 🧦🕶
            </option>
            <option
              value="food_drink"
            >
              Food & Drink 🍕🍺
            </option>
            <option
              value="gestures_body"
            >
              Gestures and Body Parts 👋🦶
            </option>
            <option
              value="objects"
            >
              Objects 🔧💡
            </option>
            <option
              value="people_fantasy"
            >
              People and Fantasy 👨🧛‍♂️
            </option>
            <option
              value="smileys"
            >
              Smileys 😃😝
            </option>
            <option
              value="flags"
            >
              Flags 🇧🇷🇺🇸
            </option>
            <option
              value="symbols"
            >
              Symbols 🆘🛂
            </option>
            <option
              value="travel_places"
            >
              Travel & Places 🚙 🌆
            </option>
          </select>
          <label
            for="level-select"
          >
            Level:
          </label>
          <select
            id="level-select"
            name="levels"
            required=""
          >
            <option
              value=""
            >
              --Please choose an level--
            </option>
            <option
              value="very_easy"
            >
              🤩 Very easy (5 emojis)
            </option>
            <option
              value="easy"
            >
              🤗 Easy (8 emojis)
            </option>
            <option
              value="normal"
            >
              🙂 Normal (10 emojis)
            </option>
            <option
              value="hard"
            >
              😣 Hard (15 emojis)
            </option>
            <option
              value="very_hard"
            >
              😨 Very hard (20 emojis)
            </option>
            <option
              value="insane"
            >
              😱 Insane (50 emojis)
            </option>
          </select>
          <button
            type="submit"
          >
            Start
          </button>
        </form>
      </fieldset>
    </div>
  </div>
</DocumentFragment>
`;
